mode: atomic
github.com/AMSt1010/microservises-course/week2/inventory/internal/repository/converter/part.go:14.2,15.27 2 0
github.com/AMSt1010/microservises-course/week2/inventory/internal/repository/converter/part.go:16.3,17.1 1 0
github.com/AMSt1010/microservises-course/week2/inventory/internal/repository/converter/part.go:19.2,24.1 1 0
github.com/AMSt1010/microservises-course/week2/inventory/internal/repository/converter/part.go:29.2,39.1 1 6
github.com/AMSt1010/microservises-course/week2/inventory/internal/repository/converter/part.go:44.2,49.1 1 6
github.com/AMSt1010/microservises-course/week2/inventory/internal/repository/converter/part.go:54.2,58.1 1 6
github.com/AMSt1010/microservises-course/week2/inventory/internal/repository/converter/part.go:63.2,64.1 1 6
github.com/AMSt1010/microservises-course/week2/inventory/internal/repository/converter/part.go:68.2,69.1 2 6
github.com/AMSt1010/microservises-course/week2/inventory/internal/repository/converter/part.go:70.2,70.27 2 6
github.com/AMSt1010/microservises-course/week2/inventory/internal/repository/converter/part.go:71.3,72.1 1 6
github.com/AMSt1010/microservises-course/week2/inventory/internal/repository/converter/part.go:73.2,73.26 1 6
github.com/AMSt1010/microservises-course/week2/inventory/internal/repository/converter/part.go:74.3,75.1 1 0
github.com/AMSt1010/microservises-course/week2/inventory/internal/repository/converter/part.go:76.2,76.27 1 6
github.com/AMSt1010/microservises-course/week2/inventory/internal/repository/converter/part.go:77.3,78.1 1 0
github.com/AMSt1010/microservises-course/week2/inventory/internal/repository/converter/part.go:79.2,79.25 1 6
github.com/AMSt1010/microservises-course/week2/inventory/internal/repository/converter/part.go:80.3,81.1 1 0
github.com/AMSt1010/microservises-course/week2/inventory/internal/repository/converter/part.go:83.2,83.12 1 6
github.com/AMSt1010/microservises-course/week2/inventory/internal/repository/converter/part.go:88.2,88.17 1 6
github.com/AMSt1010/microservises-course/week2/inventory/internal/repository/converter/part.go:89.3,90.1 1 0
github.com/AMSt1010/microservises-course/week2/inventory/internal/repository/converter/part.go:92.2,93.25 2 6
github.com/AMSt1010/microservises-course/week2/inventory/internal/repository/converter/part.go:94.3,95.1 1 6
github.com/AMSt1010/microservises-course/week2/inventory/internal/repository/converter/part.go:96.2,96.12 1 6
github.com/AMSt1010/microservises-course/week2/inventory/internal/repository/converter/part.go:101.2,102.30 2 0
github.com/AMSt1010/microservises-course/week2/inventory/internal/repository/converter/part.go:103.3,104.41 2 0
github.com/AMSt1010/microservises-course/week2/inventory/internal/repository/converter/part.go:105.4,106.1 1 0
github.com/AMSt1010/microservises-course/week2/inventory/internal/repository/converter/part.go:109.2,115.1 1 0
github.com/AMSt1010/microservises-course/week2/inventory/internal/repository/converter/part.go:120.2,121.27 2 6
github.com/AMSt1010/microservises-course/week2/inventory/internal/repository/converter/part.go:122.3,123.1 1 0
github.com/AMSt1010/microservises-course/week2/inventory/internal/repository/converter/part.go:125.2,130.1 1 6
github.com/AMSt1010/microservises-course/week2/inventory/internal/repository/converter/part.go:135.2,136.22 2 6
github.com/AMSt1010/microservises-course/week2/inventory/internal/repository/converter/part.go:137.3,139.1 2 6
github.com/AMSt1010/microservises-course/week2/inventory/internal/repository/converter/part.go:141.2,142.26 2 6
github.com/AMSt1010/microservises-course/week2/inventory/internal/repository/converter/part.go:143.3,143.35 1 6
github.com/AMSt1010/microservises-course/week2/inventory/internal/repository/converter/part.go:144.4,145.1 1 6
github.com/AMSt1010/microservises-course/week2/inventory/internal/repository/converter/part.go:148.2,158.1 1 6
github.com/AMSt1010/microservises-course/week2/inventory/internal/repository/converter/part.go:163.2,168.1 1 6
github.com/AMSt1010/microservises-course/week2/inventory/internal/repository/converter/part.go:173.2,177.1 1 6
github.com/AMSt1010/microservises-course/week2/inventory/internal/repository/converter/part.go:182.2,183.1 2 6
github.com/AMSt1010/microservises-course/week2/inventory/internal/repository/converter/part.go:184.2,184.27 2 6
github.com/AMSt1010/microservises-course/week2/inventory/internal/repository/converter/part.go:185.3,186.1 1 6
github.com/AMSt1010/microservises-course/week2/inventory/internal/repository/converter/part.go:187.2,187.26 1 6
github.com/AMSt1010/microservises-course/week2/inventory/internal/repository/converter/part.go:188.3,189.1 1 0
github.com/AMSt1010/microservises-course/week2/inventory/internal/repository/converter/part.go:190.2,190.27 1 6
github.com/AMSt1010/microservises-course/week2/inventory/internal/repository/converter/part.go:191.3,192.1 1 0
github.com/AMSt1010/microservises-course/week2/inventory/internal/repository/converter/part.go:193.2,193.25 1 6
github.com/AMSt1010/microservises-course/week2/inventory/internal/repository/converter/part.go:194.3,195.1 1 0
github.com/AMSt1010/microservises-course/week2/inventory/internal/repository/converter/part.go:197.2,197.12 1 6
github.com/AMSt1010/microservises-course/week2/inventory/internal/repository/converter/part.go:202.2,202.18 1 0
github.com/AMSt1010/microservises-course/week2/inventory/internal/repository/converter/part.go:203.3,204.1 1 0
github.com/AMSt1010/microservises-course/week2/inventory/internal/repository/converter/part.go:206.2,207.26 2 0
github.com/AMSt1010/microservises-course/week2/inventory/internal/repository/converter/part.go:208.3,209.1 1 0
github.com/AMSt1010/microservises-course/week2/inventory/internal/repository/converter/part.go:210.2,210.12 1 0
github.com/AMSt1010/microservises-course/week2/inventory/internal/repository/model/part.go:73.2,74.1 1 0
github.com/AMSt1010/microservises-course/week2/inventory/internal/repository/model/part.go:77.2,78.1 1 0
github.com/AMSt1010/microservises-course/week2/inventory/internal/repository/model/part.go:81.2,82.1 1 0
github.com/AMSt1010/microservises-course/week2/inventory/internal/repository/model/part.go:85.2,86.1 1 0
github.com/AMSt1010/microservises-course/week2/inventory/internal/repository/model/part.go:89.2,90.26 2 0
github.com/AMSt1010/microservises-course/week2/inventory/internal/repository/model/part.go:91.3,92.1 1 0
github.com/AMSt1010/microservises-course/week2/inventory/internal/repository/model/part.go:93.2,93.25 1 0
github.com/AMSt1010/microservises-course/week2/inventory/internal/repository/model/part.go:94.3,95.1 1 0
github.com/AMSt1010/microservises-course/week2/inventory/internal/repository/model/part.go:96.2,96.26 1 0
github.com/AMSt1010/microservises-course/week2/inventory/internal/repository/model/part.go:97.3,98.1 1 0
github.com/AMSt1010/microservises-course/week2/inventory/internal/repository/model/part.go:99.2,99.24 1 0
github.com/AMSt1010/microservises-course/week2/inventory/internal/repository/model/part.go:100.3,101.1 1 0
github.com/AMSt1010/microservises-course/week2/inventory/internal/repository/model/part.go:103.2,103.16 1 0
github.com/AMSt1010/microservises-course/week2/inventory/internal/repository/model/part.go:104.3,105.1 1 0
github.com/AMSt1010/microservises-course/week2/inventory/internal/repository/model/part.go:106.2,106.12 1 0
github.com/AMSt1010/microservises-course/week2/inventory/internal/repository/part/create.go:17.2,19.1 9 6
github.com/AMSt1010/microservises-course/week2/inventory/internal/repository/part/create.go:20.2,21.1 9 6
github.com/AMSt1010/microservises-course/week2/inventory/internal/repository/part/create.go:22.2,26.1 9 6
github.com/AMSt1010/microservises-course/week2/inventory/internal/repository/part/create.go:28.2,29.1 9 6
github.com/AMSt1010/microservises-course/week2/inventory/internal/repository/part/create.go:30.2,32.1 9 6
github.com/AMSt1010/microservises-course/week2/inventory/internal/repository/part/create.go:33.2,35.1 9 6
github.com/AMSt1010/microservises-course/week2/inventory/internal/repository/part/get.go:13.2,15.1 3 3
github.com/AMSt1010/microservises-course/week2/inventory/internal/repository/part/get.go:16.2,16.16 3 3
github.com/AMSt1010/microservises-course/week2/inventory/internal/repository/part/get.go:17.3,18.1 1 1
github.com/AMSt1010/microservises-course/week2/inventory/internal/repository/part/get.go:20.2,21.9 2 2
github.com/AMSt1010/microservises-course/week2/inventory/internal/repository/part/get.go:22.3,23.1 1 1
github.com/AMSt1010/microservises-course/week2/inventory/internal/repository/part/get.go:25.2,26.1 2 1
github.com/AMSt1010/microservises-course/week2/inventory/internal/repository/part/get.go:27.2,27.41 2 1
github.com/AMSt1010/microservises-course/week2/inventory/internal/repository/part/list.go:12.2,12.27 1 10
github.com/AMSt1010/microservises-course/week2/inventory/internal/repository/part/list.go:13.3,14.1 1 5
github.com/AMSt1010/microservises-course/week2/inventory/internal/repository/part/list.go:15.2,15.35 1 5
github.com/AMSt1010/microservises-course/week2/inventory/internal/repository/part/list.go:16.3,16.37 1 5
github.com/AMSt1010/microservises-course/week2/inventory/internal/repository/part/list.go:17.4,18.1 1 2
github.com/AMSt1010/microservises-course/week2/inventory/internal/repository/part/list.go:20.2,20.14 1 3
github.com/AMSt1010/microservises-course/week2/inventory/internal/repository/part/list.go:24.2,24.26 1 3
github.com/AMSt1010/microservises-course/week2/inventory/internal/repository/part/list.go:25.3,26.1 1 2
github.com/AMSt1010/microservises-course/week2/inventory/internal/repository/part/list.go:27.2,27.39 1 1
github.com/AMSt1010/microservises-course/week2/inventory/internal/repository/part/list.go:28.3,28.36 1 1
github.com/AMSt1010/microservises-course/week2/inventory/internal/repository/part/list.go:29.4,29.28 1 1
github.com/AMSt1010/microservises-course/week2/inventory/internal/repository/part/list.go:30.5,31.1 1 1
github.com/AMSt1010/microservises-course/week2/inventory/internal/repository/part/list.go:34.2,34.14 1 0
github.com/AMSt1010/microservises-course/week2/inventory/internal/repository/part/list.go:38.2,38.26 1 7
github.com/AMSt1010/microservises-course/week2/inventory/internal/repository/part/list.go:39.3,40.1 1 5
github.com/AMSt1010/microservises-course/week2/inventory/internal/repository/part/list.go:41.2,41.33 1 2
github.com/AMSt1010/microservises-course/week2/inventory/internal/repository/part/list.go:42.3,42.33 1 2
github.com/AMSt1010/microservises-course/week2/inventory/internal/repository/part/list.go:43.4,44.1 1 1
github.com/AMSt1010/microservises-course/week2/inventory/internal/repository/part/list.go:46.2,46.14 1 1
github.com/AMSt1010/microservises-course/week2/inventory/internal/repository/part/list.go:50.2,51.27 2 1
github.com/AMSt1010/microservises-course/week2/inventory/internal/repository/part/list.go:52.3,52.48 1 1
github.com/AMSt1010/microservises-course/week2/inventory/internal/repository/part/list.go:53.4,54.1 1 1
github.com/AMSt1010/microservises-course/week2/inventory/internal/repository/part/list.go:56.2,56.15 1 1
github.com/AMSt1010/microservises-course/week2/inventory/internal/repository/part/list.go:61.2,61.34 1 6
github.com/AMSt1010/microservises-course/week2/inventory/internal/repository/part/list.go:62.3,63.1 1 1
github.com/AMSt1010/microservises-course/week2/inventory/internal/repository/part/list.go:65.2,67.1 3 5
github.com/AMSt1010/microservises-course/week2/inventory/internal/repository/part/list.go:68.2,68.27 3 5
github.com/AMSt1010/microservises-course/week2/inventory/internal/repository/part/list.go:69.3,70.28 2 1
github.com/AMSt1010/microservises-course/week2/inventory/internal/repository/part/list.go:71.4,72.1 1 2
github.com/AMSt1010/microservises-course/week2/inventory/internal/repository/part/list.go:73.3,73.21 1 1
github.com/AMSt1010/microservises-course/week2/inventory/internal/repository/part/list.go:76.2,80.1 6 4
github.com/AMSt1010/microservises-course/week2/inventory/internal/repository/part/list.go:81.2,82.27 6 4
github.com/AMSt1010/microservises-course/week2/inventory/internal/repository/part/list.go:83.3,84.1 1 1
github.com/AMSt1010/microservises-course/week2/inventory/internal/repository/part/list.go:85.3,86.1 1 3
github.com/AMSt1010/microservises-course/week2/inventory/internal/repository/part/list.go:88.2,89.30 2 4
github.com/AMSt1010/microservises-course/week2/inventory/internal/repository/part/list.go:90.3,90.50 1 7
github.com/AMSt1010/microservises-course/week2/inventory/internal/repository/part/list.go:91.4,91.12 1 1
github.com/AMSt1010/microservises-course/week2/inventory/internal/repository/part/list.go:93.3,93.42 1 6
github.com/AMSt1010/microservises-course/week2/inventory/internal/repository/part/list.go:94.4,94.12 1 2
github.com/AMSt1010/microservises-course/week2/inventory/internal/repository/part/list.go:96.3,96.61 1 4
github.com/AMSt1010/microservises-course/week2/inventory/internal/repository/part/list.go:97.4,97.12 1 1
github.com/AMSt1010/microservises-course/week2/inventory/internal/repository/part/list.go:99.3,99.44 1 3
github.com/AMSt1010/microservises-course/week2/inventory/internal/repository/part/list.go:100.4,100.12 1 0
github.com/AMSt1010/microservises-course/week2/inventory/internal/repository/part/list.go:103.3,104.10 2 3
github.com/AMSt1010/microservises-course/week2/inventory/internal/repository/part/list.go:105.4,105.12 1 0
github.com/AMSt1010/microservises-course/week2/inventory/internal/repository/part/list.go:108.3,108.55 1 3
github.com/AMSt1010/microservises-course/week2/inventory/internal/repository/part/list.go:111.2,111.20 1 4
github.com/AMSt1010/microservises-course/week2/inventory/internal/repository/part/list.go:115.2,120.1 1 5
github.com/AMSt1010/microservises-course/week2/inventory/internal/repository/part/repository.go:20.2,23.1 1 7
github.com/AMSt1010/microservises-course/week2/inventory/internal/repository/part/repository.go:45.2,51.1 1 6
github.com/AMSt1010/microservises-course/week2/inventory/internal/repository/part/repository.go:55.2,56.29 2 18
github.com/AMSt1010/microservises-course/week2/inventory/internal/repository/part/repository.go:57.3,57.70 1 16
github.com/AMSt1010/microservises-course/week2/inventory/internal/repository/part/repository.go:58.4,59.1 1 16
github.com/AMSt1010/microservises-course/week2/inventory/internal/repository/part/repository.go:61.2,61.25 1 18
github.com/AMSt1010/microservises-course/week2/inventory/internal/service/part/create.go:11.2,12.16 2 0
github.com/AMSt1010/microservises-course/week2/inventory/internal/service/part/create.go:13.3,14.1 1 0
github.com/AMSt1010/microservises-course/week2/inventory/internal/service/part/create.go:15.2,15.18 1 0
github.com/AMSt1010/microservises-course/week2/inventory/internal/service/part/get.go:11.2,12.16 2 0
github.com/AMSt1010/microservises-course/week2/inventory/internal/service/part/get.go:13.3,14.1 1 0
github.com/AMSt1010/microservises-course/week2/inventory/internal/service/part/get.go:15.2,15.18 1 0
github.com/AMSt1010/microservises-course/week2/inventory/internal/service/part/list.go:11.2,12.16 2 0
github.com/AMSt1010/microservises-course/week2/inventory/internal/service/part/list.go:13.3,14.1 1 0
github.com/AMSt1010/microservises-course/week2/inventory/internal/service/part/list.go:15.2,15.19 1 0
github.com/AMSt1010/microservises-course/week2/inventory/internal/service/part/service.go:15.2,17.1 1 0
github.com/AMSt1010/microservises-course/week2/inventory/internal/repository/converter/part.go:14.2,15.27 2 0
github.com/AMSt1010/microservises-course/week2/inventory/internal/repository/converter/part.go:16.3,17.1 1 0
github.com/AMSt1010/microservises-course/week2/inventory/internal/repository/converter/part.go:19.2,24.1 1 0
github.com/AMSt1010/microservises-course/week2/inventory/internal/repository/converter/part.go:29.2,39.1 1 0
github.com/AMSt1010/microservises-course/week2/inventory/internal/repository/converter/part.go:44.2,49.1 1 0
github.com/AMSt1010/microservises-course/week2/inventory/internal/repository/converter/part.go:54.2,58.1 1 0
github.com/AMSt1010/microservises-course/week2/inventory/internal/repository/converter/part.go:63.2,64.1 1 0
github.com/AMSt1010/microservises-course/week2/inventory/internal/repository/converter/part.go:68.2,69.1 2 0
github.com/AMSt1010/microservises-course/week2/inventory/internal/repository/converter/part.go:70.2,70.27 2 0
github.com/AMSt1010/microservises-course/week2/inventory/internal/repository/converter/part.go:71.3,72.1 1 0
github.com/AMSt1010/microservises-course/week2/inventory/internal/repository/converter/part.go:73.2,73.26 1 0
github.com/AMSt1010/microservises-course/week2/inventory/internal/repository/converter/part.go:74.3,75.1 1 0
github.com/AMSt1010/microservises-course/week2/inventory/internal/repository/converter/part.go:76.2,76.27 1 0
github.com/AMSt1010/microservises-course/week2/inventory/internal/repository/converter/part.go:77.3,78.1 1 0
github.com/AMSt1010/microservises-course/week2/inventory/internal/repository/converter/part.go:79.2,79.25 1 0
github.com/AMSt1010/microservises-course/week2/inventory/internal/repository/converter/part.go:80.3,81.1 1 0
github.com/AMSt1010/microservises-course/week2/inventory/internal/repository/converter/part.go:83.2,83.12 1 0
github.com/AMSt1010/microservises-course/week2/inventory/internal/repository/converter/part.go:88.2,88.17 1 0
github.com/AMSt1010/microservises-course/week2/inventory/internal/repository/converter/part.go:89.3,90.1 1 0
github.com/AMSt1010/microservises-course/week2/inventory/internal/repository/converter/part.go:92.2,93.25 2 0
github.com/AMSt1010/microservises-course/week2/inventory/internal/repository/converter/part.go:94.3,95.1 1 0
github.com/AMSt1010/microservises-course/week2/inventory/internal/repository/converter/part.go:96.2,96.12 1 0
github.com/AMSt1010/microservises-course/week2/inventory/internal/repository/converter/part.go:101.2,102.30 2 0
github.com/AMSt1010/microservises-course/week2/inventory/internal/repository/converter/part.go:103.3,104.41 2 0
github.com/AMSt1010/microservises-course/week2/inventory/internal/repository/converter/part.go:105.4,106.1 1 0
github.com/AMSt1010/microservises-course/week2/inventory/internal/repository/converter/part.go:109.2,115.1 1 0
github.com/AMSt1010/microservises-course/week2/inventory/internal/repository/converter/part.go:120.2,121.27 2 0
github.com/AMSt1010/microservises-course/week2/inventory/internal/repository/converter/part.go:122.3,123.1 1 0
github.com/AMSt1010/microservises-course/week2/inventory/internal/repository/converter/part.go:125.2,130.1 1 0
github.com/AMSt1010/microservises-course/week2/inventory/internal/repository/converter/part.go:135.2,136.22 2 0
github.com/AMSt1010/microservises-course/week2/inventory/internal/repository/converter/part.go:137.3,139.1 2 0
github.com/AMSt1010/microservises-course/week2/inventory/internal/repository/converter/part.go:141.2,142.26 2 0
github.com/AMSt1010/microservises-course/week2/inventory/internal/repository/converter/part.go:143.3,143.35 1 0
github.com/AMSt1010/microservises-course/week2/inventory/internal/repository/converter/part.go:144.4,145.1 1 0
github.com/AMSt1010/microservises-course/week2/inventory/internal/repository/converter/part.go:148.2,158.1 1 0
github.com/AMSt1010/microservises-course/week2/inventory/internal/repository/converter/part.go:163.2,168.1 1 0
github.com/AMSt1010/microservises-course/week2/inventory/internal/repository/converter/part.go:173.2,177.1 1 0
github.com/AMSt1010/microservises-course/week2/inventory/internal/repository/converter/part.go:182.2,183.1 2 0
github.com/AMSt1010/microservises-course/week2/inventory/internal/repository/converter/part.go:184.2,184.27 2 0
github.com/AMSt1010/microservises-course/week2/inventory/internal/repository/converter/part.go:185.3,186.1 1 0
github.com/AMSt1010/microservises-course/week2/inventory/internal/repository/converter/part.go:187.2,187.26 1 0
github.com/AMSt1010/microservises-course/week2/inventory/internal/repository/converter/part.go:188.3,189.1 1 0
github.com/AMSt1010/microservises-course/week2/inventory/internal/repository/converter/part.go:190.2,190.27 1 0
github.com/AMSt1010/microservises-course/week2/inventory/internal/repository/converter/part.go:191.3,192.1 1 0
github.com/AMSt1010/microservises-course/week2/inventory/internal/repository/converter/part.go:193.2,193.25 1 0
github.com/AMSt1010/microservises-course/week2/inventory/internal/repository/converter/part.go:194.3,195.1 1 0
github.com/AMSt1010/microservises-course/week2/inventory/internal/repository/converter/part.go:197.2,197.12 1 0
github.com/AMSt1010/microservises-course/week2/inventory/internal/repository/converter/part.go:202.2,202.18 1 0
github.com/AMSt1010/microservises-course/week2/inventory/internal/repository/converter/part.go:203.3,204.1 1 0
github.com/AMSt1010/microservises-course/week2/inventory/internal/repository/converter/part.go:206.2,207.26 2 0
github.com/AMSt1010/microservises-course/week2/inventory/internal/repository/converter/part.go:208.3,209.1 1 0
github.com/AMSt1010/microservises-course/week2/inventory/internal/repository/converter/part.go:210.2,210.12 1 0
github.com/AMSt1010/microservises-course/week2/inventory/internal/repository/model/part.go:73.2,74.1 1 0
github.com/AMSt1010/microservises-course/week2/inventory/internal/repository/model/part.go:77.2,78.1 1 0
github.com/AMSt1010/microservises-course/week2/inventory/internal/repository/model/part.go:81.2,82.1 1 0
github.com/AMSt1010/microservises-course/week2/inventory/internal/repository/model/part.go:85.2,86.1 1 0
github.com/AMSt1010/microservises-course/week2/inventory/internal/repository/model/part.go:89.2,90.26 2 0
github.com/AMSt1010/microservises-course/week2/inventory/internal/repository/model/part.go:91.3,92.1 1 0
github.com/AMSt1010/microservises-course/week2/inventory/internal/repository/model/part.go:93.2,93.25 1 0
github.com/AMSt1010/microservises-course/week2/inventory/internal/repository/model/part.go:94.3,95.1 1 0
github.com/AMSt1010/microservises-course/week2/inventory/internal/repository/model/part.go:96.2,96.26 1 0
github.com/AMSt1010/microservises-course/week2/inventory/internal/repository/model/part.go:97.3,98.1 1 0
github.com/AMSt1010/microservises-course/week2/inventory/internal/repository/model/part.go:99.2,99.24 1 0
github.com/AMSt1010/microservises-course/week2/inventory/internal/repository/model/part.go:100.3,101.1 1 0
github.com/AMSt1010/microservises-course/week2/inventory/internal/repository/model/part.go:103.2,103.16 1 0
github.com/AMSt1010/microservises-course/week2/inventory/internal/repository/model/part.go:104.3,105.1 1 0
github.com/AMSt1010/microservises-course/week2/inventory/internal/repository/model/part.go:106.2,106.12 1 0
github.com/AMSt1010/microservises-course/week2/inventory/internal/repository/part/create.go:17.2,19.1 9 0
github.com/AMSt1010/microservises-course/week2/inventory/internal/repository/part/create.go:20.2,21.1 9 0
github.com/AMSt1010/microservises-course/week2/inventory/internal/repository/part/create.go:22.2,26.1 9 0
github.com/AMSt1010/microservises-course/week2/inventory/internal/repository/part/create.go:28.2,29.1 9 0
github.com/AMSt1010/microservises-course/week2/inventory/internal/repository/part/create.go:30.2,32.1 9 0
github.com/AMSt1010/microservises-course/week2/inventory/internal/repository/part/create.go:33.2,35.1 9 0
github.com/AMSt1010/microservises-course/week2/inventory/internal/repository/part/get.go:13.2,15.1 3 0
github.com/AMSt1010/microservises-course/week2/inventory/internal/repository/part/get.go:16.2,16.16 3 0
github.com/AMSt1010/microservises-course/week2/inventory/internal/repository/part/get.go:17.3,18.1 1 0
github.com/AMSt1010/microservises-course/week2/inventory/internal/repository/part/get.go:20.2,21.9 2 0
github.com/AMSt1010/microservises-course/week2/inventory/internal/repository/part/get.go:22.3,23.1 1 0
github.com/AMSt1010/microservises-course/week2/inventory/internal/repository/part/get.go:25.2,26.1 2 0
github.com/AMSt1010/microservises-course/week2/inventory/internal/repository/part/get.go:27.2,27.41 2 0
github.com/AMSt1010/microservises-course/week2/inventory/internal/repository/part/list.go:12.2,12.27 1 0
github.com/AMSt1010/microservises-course/week2/inventory/internal/repository/part/list.go:13.3,14.1 1 0
github.com/AMSt1010/microservises-course/week2/inventory/internal/repository/part/list.go:15.2,15.35 1 0
github.com/AMSt1010/microservises-course/week2/inventory/internal/repository/part/list.go:16.3,16.37 1 0
github.com/AMSt1010/microservises-course/week2/inventory/internal/repository/part/list.go:17.4,18.1 1 0
github.com/AMSt1010/microservises-course/week2/inventory/internal/repository/part/list.go:20.2,20.14 1 0
github.com/AMSt1010/microservises-course/week2/inventory/internal/repository/part/list.go:24.2,24.26 1 0
github.com/AMSt1010/microservises-course/week2/inventory/internal/repository/part/list.go:25.3,26.1 1 0
github.com/AMSt1010/microservises-course/week2/inventory/internal/repository/part/list.go:27.2,27.39 1 0
github.com/AMSt1010/microservises-course/week2/inventory/internal/repository/part/list.go:28.3,28.36 1 0
github.com/AMSt1010/microservises-course/week2/inventory/internal/repository/part/list.go:29.4,29.28 1 0
github.com/AMSt1010/microservises-course/week2/inventory/internal/repository/part/list.go:30.5,31.1 1 0
github.com/AMSt1010/microservises-course/week2/inventory/internal/repository/part/list.go:34.2,34.14 1 0
github.com/AMSt1010/microservises-course/week2/inventory/internal/repository/part/list.go:38.2,38.26 1 0
github.com/AMSt1010/microservises-course/week2/inventory/internal/repository/part/list.go:39.3,40.1 1 0
github.com/AMSt1010/microservises-course/week2/inventory/internal/repository/part/list.go:41.2,41.33 1 0
github.com/AMSt1010/microservises-course/week2/inventory/internal/repository/part/list.go:42.3,42.33 1 0
github.com/AMSt1010/microservises-course/week2/inventory/internal/repository/part/list.go:43.4,44.1 1 0
github.com/AMSt1010/microservises-course/week2/inventory/internal/repository/part/list.go:46.2,46.14 1 0
github.com/AMSt1010/microservises-course/week2/inventory/internal/repository/part/list.go:50.2,51.27 2 0
github.com/AMSt1010/microservises-course/week2/inventory/internal/repository/part/list.go:52.3,52.48 1 0
github.com/AMSt1010/microservises-course/week2/inventory/internal/repository/part/list.go:53.4,54.1 1 0
github.com/AMSt1010/microservises-course/week2/inventory/internal/repository/part/list.go:56.2,56.15 1 0
github.com/AMSt1010/microservises-course/week2/inventory/internal/repository/part/list.go:61.2,61.34 1 0
github.com/AMSt1010/microservises-course/week2/inventory/internal/repository/part/list.go:62.3,63.1 1 0
github.com/AMSt1010/microservises-course/week2/inventory/internal/repository/part/list.go:65.2,67.1 3 0
github.com/AMSt1010/microservises-course/week2/inventory/internal/repository/part/list.go:68.2,68.27 3 0
github.com/AMSt1010/microservises-course/week2/inventory/internal/repository/part/list.go:69.3,70.28 2 0
github.com/AMSt1010/microservises-course/week2/inventory/internal/repository/part/list.go:71.4,72.1 1 0
github.com/AMSt1010/microservises-course/week2/inventory/internal/repository/part/list.go:73.3,73.21 1 0
github.com/AMSt1010/microservises-course/week2/inventory/internal/repository/part/list.go:76.2,80.1 6 0
github.com/AMSt1010/microservises-course/week2/inventory/internal/repository/part/list.go:81.2,82.27 6 0
github.com/AMSt1010/microservises-course/week2/inventory/internal/repository/part/list.go:83.3,84.1 1 0
github.com/AMSt1010/microservises-course/week2/inventory/internal/repository/part/list.go:85.3,86.1 1 0
github.com/AMSt1010/microservises-course/week2/inventory/internal/repository/part/list.go:88.2,89.30 2 0
github.com/AMSt1010/microservises-course/week2/inventory/internal/repository/part/list.go:90.3,90.50 1 0
github.com/AMSt1010/microservises-course/week2/inventory/internal/repository/part/list.go:91.4,91.12 1 0
github.com/AMSt1010/microservises-course/week2/inventory/internal/repository/part/list.go:93.3,93.42 1 0
github.com/AMSt1010/microservises-course/week2/inventory/internal/repository/part/list.go:94.4,94.12 1 0
github.com/AMSt1010/microservises-course/week2/inventory/internal/repository/part/list.go:96.3,96.61 1 0
github.com/AMSt1010/microservises-course/week2/inventory/internal/repository/part/list.go:97.4,97.12 1 0
github.com/AMSt1010/microservises-course/week2/inventory/internal/repository/part/list.go:99.3,99.44 1 0
github.com/AMSt1010/microservises-course/week2/inventory/internal/repository/part/list.go:100.4,100.12 1 0
github.com/AMSt1010/microservises-course/week2/inventory/internal/repository/part/list.go:103.3,104.10 2 0
github.com/AMSt1010/microservises-course/week2/inventory/internal/repository/part/list.go:105.4,105.12 1 0
github.com/AMSt1010/microservises-course/week2/inventory/internal/repository/part/list.go:108.3,108.55 1 0
github.com/AMSt1010/microservises-course/week2/inventory/internal/repository/part/list.go:111.2,111.20 1 0
github.com/AMSt1010/microservises-course/week2/inventory/internal/repository/part/list.go:115.2,120.1 1 0
github.com/AMSt1010/microservises-course/week2/inventory/internal/repository/part/repository.go:20.2,23.1 1 0
github.com/AMSt1010/microservises-course/week2/inventory/internal/repository/part/repository.go:45.2,51.1 1 0
github.com/AMSt1010/microservises-course/week2/inventory/internal/repository/part/repository.go:55.2,56.29 2 0
github.com/AMSt1010/microservises-course/week2/inventory/internal/repository/part/repository.go:57.3,57.70 1 0
github.com/AMSt1010/microservises-course/week2/inventory/internal/repository/part/repository.go:58.4,59.1 1 0
github.com/AMSt1010/microservises-course/week2/inventory/internal/repository/part/repository.go:61.2,61.25 1 0
github.com/AMSt1010/microservises-course/week2/inventory/internal/service/part/create.go:11.2,12.16 2 2
github.com/AMSt1010/microservises-course/week2/inventory/internal/service/part/create.go:13.3,14.1 1 1
github.com/AMSt1010/microservises-course/week2/inventory/internal/service/part/create.go:15.2,15.18 1 1
github.com/AMSt1010/microservises-course/week2/inventory/internal/service/part/get.go:11.2,12.16 2 3
github.com/AMSt1010/microservises-course/week2/inventory/internal/service/part/get.go:13.3,14.1 1 2
github.com/AMSt1010/microservises-course/week2/inventory/internal/service/part/get.go:15.2,15.18 1 1
github.com/AMSt1010/microservises-course/week2/inventory/internal/service/part/list.go:11.2,12.16 2 3
github.com/AMSt1010/microservises-course/week2/inventory/internal/service/part/list.go:13.3,14.1 1 1
github.com/AMSt1010/microservises-course/week2/inventory/internal/service/part/list.go:15.2,15.19 1 2
github.com/AMSt1010/microservises-course/week2/inventory/internal/service/part/service.go:15.2,17.1 1 8
github.com/AMSt1010/microservises-course/week2/inventory/internal/repository/converter/part.go:14.2,15.27 2 0
github.com/AMSt1010/microservises-course/week2/inventory/internal/repository/converter/part.go:16.3,17.1 1 0
github.com/AMSt1010/microservises-course/week2/inventory/internal/repository/converter/part.go:19.2,24.1 1 0
github.com/AMSt1010/microservises-course/week2/inventory/internal/repository/converter/part.go:29.2,39.1 1 0
github.com/AMSt1010/microservises-course/week2/inventory/internal/repository/converter/part.go:44.2,49.1 1 0
github.com/AMSt1010/microservises-course/week2/inventory/internal/repository/converter/part.go:54.2,58.1 1 0
github.com/AMSt1010/microservises-course/week2/inventory/internal/repository/converter/part.go:63.2,64.1 1 0
github.com/AMSt1010/microservises-course/week2/inventory/internal/repository/converter/part.go:68.2,69.1 2 0
github.com/AMSt1010/microservises-course/week2/inventory/internal/repository/converter/part.go:70.2,70.27 2 0
github.com/AMSt1010/microservises-course/week2/inventory/internal/repository/converter/part.go:71.3,72.1 1 0
github.com/AMSt1010/microservises-course/week2/inventory/internal/repository/converter/part.go:73.2,73.26 1 0
github.com/AMSt1010/microservises-course/week2/inventory/internal/repository/converter/part.go:74.3,75.1 1 0
github.com/AMSt1010/microservises-course/week2/inventory/internal/repository/converter/part.go:76.2,76.27 1 0
github.com/AMSt1010/microservises-course/week2/inventory/internal/repository/converter/part.go:77.3,78.1 1 0
github.com/AMSt1010/microservises-course/week2/inventory/internal/repository/converter/part.go:79.2,79.25 1 0
github.com/AMSt1010/microservises-course/week2/inventory/internal/repository/converter/part.go:80.3,81.1 1 0
github.com/AMSt1010/microservises-course/week2/inventory/internal/repository/converter/part.go:83.2,83.12 1 0
github.com/AMSt1010/microservises-course/week2/inventory/internal/repository/converter/part.go:88.2,88.17 1 0
github.com/AMSt1010/microservises-course/week2/inventory/internal/repository/converter/part.go:89.3,90.1 1 0
github.com/AMSt1010/microservises-course/week2/inventory/internal/repository/converter/part.go:92.2,93.25 2 0
github.com/AMSt1010/microservises-course/week2/inventory/internal/repository/converter/part.go:94.3,95.1 1 0
github.com/AMSt1010/microservises-course/week2/inventory/internal/repository/converter/part.go:96.2,96.12 1 0
github.com/AMSt1010/microservises-course/week2/inventory/internal/repository/converter/part.go:101.2,102.30 2 0
github.com/AMSt1010/microservises-course/week2/inventory/internal/repository/converter/part.go:103.3,104.41 2 0
github.com/AMSt1010/microservises-course/week2/inventory/internal/repository/converter/part.go:105.4,106.1 1 0
github.com/AMSt1010/microservises-course/week2/inventory/internal/repository/converter/part.go:109.2,115.1 1 0
github.com/AMSt1010/microservises-course/week2/inventory/internal/repository/converter/part.go:120.2,121.27 2 0
github.com/AMSt1010/microservises-course/week2/inventory/internal/repository/converter/part.go:122.3,123.1 1 0
github.com/AMSt1010/microservises-course/week2/inventory/internal/repository/converter/part.go:125.2,130.1 1 0
github.com/AMSt1010/microservises-course/week2/inventory/internal/repository/converter/part.go:135.2,136.22 2 0
github.com/AMSt1010/microservises-course/week2/inventory/internal/repository/converter/part.go:137.3,139.1 2 0
github.com/AMSt1010/microservises-course/week2/inventory/internal/repository/converter/part.go:141.2,142.26 2 0
github.com/AMSt1010/microservises-course/week2/inventory/internal/repository/converter/part.go:143.3,143.35 1 0
github.com/AMSt1010/microservises-course/week2/inventory/internal/repository/converter/part.go:144.4,145.1 1 0
github.com/AMSt1010/microservises-course/week2/inventory/internal/repository/converter/part.go:148.2,158.1 1 0
github.com/AMSt1010/microservises-course/week2/inventory/internal/repository/converter/part.go:163.2,168.1 1 0
github.com/AMSt1010/microservises-course/week2/inventory/internal/repository/converter/part.go:173.2,177.1 1 0
github.com/AMSt1010/microservises-course/week2/inventory/internal/repository/converter/part.go:182.2,183.1 2 0
github.com/AMSt1010/microservises-course/week2/inventory/internal/repository/converter/part.go:184.2,184.27 2 0
github.com/AMSt1010/microservises-course/week2/inventory/internal/repository/converter/part.go:185.3,186.1 1 0
github.com/AMSt1010/microservises-course/week2/inventory/internal/repository/converter/part.go:187.2,187.26 1 0
github.com/AMSt1010/microservises-course/week2/inventory/internal/repository/converter/part.go:188.3,189.1 1 0
github.com/AMSt1010/microservises-course/week2/inventory/internal/repository/converter/part.go:190.2,190.27 1 0
github.com/AMSt1010/microservises-course/week2/inventory/internal/repository/converter/part.go:191.3,192.1 1 0
github.com/AMSt1010/microservises-course/week2/inventory/internal/repository/converter/part.go:193.2,193.25 1 0
github.com/AMSt1010/microservises-course/week2/inventory/internal/repository/converter/part.go:194.3,195.1 1 0
github.com/AMSt1010/microservises-course/week2/inventory/internal/repository/converter/part.go:197.2,197.12 1 0
github.com/AMSt1010/microservises-course/week2/inventory/internal/repository/converter/part.go:202.2,202.18 1 0
github.com/AMSt1010/microservises-course/week2/inventory/internal/repository/converter/part.go:203.3,204.1 1 0
github.com/AMSt1010/microservises-course/week2/inventory/internal/repository/converter/part.go:206.2,207.26 2 0
github.com/AMSt1010/microservises-course/week2/inventory/internal/repository/converter/part.go:208.3,209.1 1 0
github.com/AMSt1010/microservises-course/week2/inventory/internal/repository/converter/part.go:210.2,210.12 1 0
github.com/AMSt1010/microservises-course/week2/inventory/internal/repository/model/part.go:73.2,74.1 1 0
github.com/AMSt1010/microservises-course/week2/inventory/internal/repository/model/part.go:77.2,78.1 1 0
github.com/AMSt1010/microservises-course/week2/inventory/internal/repository/model/part.go:81.2,82.1 1 0
github.com/AMSt1010/microservises-course/week2/inventory/internal/repository/model/part.go:85.2,86.1 1 0
github.com/AMSt1010/microservises-course/week2/inventory/internal/repository/model/part.go:89.2,90.26 2 0
github.com/AMSt1010/microservises-course/week2/inventory/internal/repository/model/part.go:91.3,92.1 1 0
github.com/AMSt1010/microservises-course/week2/inventory/internal/repository/model/part.go:93.2,93.25 1 0
github.com/AMSt1010/microservises-course/week2/inventory/internal/repository/model/part.go:94.3,95.1 1 0
github.com/AMSt1010/microservises-course/week2/inventory/internal/repository/model/part.go:96.2,96.26 1 0
github.com/AMSt1010/microservises-course/week2/inventory/internal/repository/model/part.go:97.3,98.1 1 0
github.com/AMSt1010/microservises-course/week2/inventory/internal/repository/model/part.go:99.2,99.24 1 0
github.com/AMSt1010/microservises-course/week2/inventory/internal/repository/model/part.go:100.3,101.1 1 0
github.com/AMSt1010/microservises-course/week2/inventory/internal/repository/model/part.go:103.2,103.16 1 0
github.com/AMSt1010/microservises-course/week2/inventory/internal/repository/model/part.go:104.3,105.1 1 0
github.com/AMSt1010/microservises-course/week2/inventory/internal/repository/model/part.go:106.2,106.12 1 0
